../Core/Src/main.c:56:5:__io_putchar	16	static
../Core/Src/main.c:63:6:print_continuously	8	static
../Core/Src/main.c:70:6:print_again	8	static
../Core/Src/main.c:78:6:jumpAssembly	16	static,ignoring_inline_asm
../Core/Src/main.c:83:6:print_error	4	static,ignoring_inline_asm
../Core/Src/main.c:87:6:print_success	4	static,ignoring_inline_asm
../Core/Src/main.c:91:6:run_thread	4	static,ignoring_inline_asm
../Core/Src/main.c:109:5:main	8	static
../Core/Src/main.c:171:6:SystemClock_Config	88	static
../Core/Src/main.c:218:13:MX_USART2_UART_Init	8	static
../Core/Src/main.c:251:13:MX_GPIO_Init	48	static
../Core/Src/main.c:291:6:Error_Handler	4	static,ignoring_inline_asm
